// Jest Snapshot v1, https://goo.gl/fbAQLP

exports[`App rendering test Should render app 1`] = `ShallowWrapper {}`;
